  Determining projects to restore...
  All projects are up-to-date for restore.
  InventoryTracker.Core -> C:\Users\hollo\source\code_repos\InventroryTracker\InventroryTracker\InventoryTracker.Core\bin\Debug\net8.0\InventoryTracker.Core.dll
  InventoryTracker.Data -> C:\Users\hollo\source\code_repos\InventroryTracker\InventroryTracker\InventoryTracker.Data\bin\Debug\net8.0\InventoryTracker.Data.dll
  InventoryTracker.Web -> C:\Users\hollo\source\code_repos\InventroryTracker\InventroryTracker\InventoryTracker.Web\bin\Debug\net8.0\InventoryTracker.Web.dll
C:\Users\hollo\source\code_repos\InventroryTracker\InventroryTracker\InventoryTracker.Tests\Services\CustomerListServiceTests.cs(29,99): error CS1002: ; expected [C:\Users\hollo\source\code_repos\InventroryTracker\InventroryTracker\InventoryTracker.Tests\InventoryTracker.Tests.csproj]
C:\Users\hollo\source\code_repos\InventroryTracker\InventroryTracker\InventoryTracker.Tests\Services\CustomerListServiceTests.cs(29,99): error CS1513: } expected [C:\Users\hollo\source\code_repos\InventroryTracker\InventroryTracker\InventoryTracker.Tests\InventoryTracker.Tests.csproj]
C:\Users\hollo\source\code_repos\InventroryTracker\InventroryTracker\InventoryTracker.Tests\Services\CustomerListServiceTests.cs(30,99): error CS1002: ; expected [C:\Users\hollo\source\code_repos\InventroryTracker\InventroryTracker\InventoryTracker.Tests\InventoryTracker.Tests.csproj]

Build FAILED.

C:\Users\hollo\source\code_repos\InventroryTracker\InventroryTracker\InventoryTracker.Tests\Services\CustomerListServiceTests.cs(29,99): error CS1002: ; expected [C:\Users\hollo\source\code_repos\InventroryTracker\InventroryTracker\InventoryTracker.Tests\InventoryTracker.Tests.csproj]
C:\Users\hollo\source\code_repos\InventroryTracker\InventroryTracker\InventoryTracker.Tests\Services\CustomerListServiceTests.cs(29,99): error CS1513: } expected [C:\Users\hollo\source\code_repos\InventroryTracker\InventroryTracker\InventoryTracker.Tests\InventoryTracker.Tests.csproj]
C:\Users\hollo\source\code_repos\InventroryTracker\InventroryTracker\InventoryTracker.Tests\Services\CustomerListServiceTests.cs(30,99): error CS1002: ; expected [C:\Users\hollo\source\code_repos\InventroryTracker\InventroryTracker\InventoryTracker.Tests\InventoryTracker.Tests.csproj]
    0 Warning(s)
    3 Error(s)

Time Elapsed 00:00:02.75

Workload updates are available. Run `dotnet workload list` for more information.
