  Determining projects to restore...
  All projects are up-to-date for restore.
  InventoryTracker.Core -> C:\Users\hollo\source\code_repos\InventroryTracker\InventroryTracker\InventoryTracker.Core\bin\Debug\net8.0\InventoryTracker.Core.dll
C:\Users\hollo\source\code_repos\InventroryTracker\InventroryTracker\InventoryTracker.Data\Services\RfidTagService.cs(51,60): error CS1503: Argument 1: cannot convert from 'System.Guid?' to 'System.Guid' [C:\Users\hollo\source\code_repos\InventroryTracker\InventroryTracker\InventoryTracker.Data\InventoryTracker.Data.csproj]
C:\Users\hollo\source\code_repos\InventroryTracker\InventroryTracker\InventoryTracker.Data\Repositories\RfidTagRepository.cs(48,30): warning CS8602: Dereference of a possibly null reference. [C:\Users\hollo\source\code_repos\InventroryTracker\InventroryTracker\InventoryTracker.Data\InventoryTracker.Data.csproj]
C:\Users\hollo\source\code_repos\InventroryTracker\InventroryTracker\InventoryTracker.Data\Services\RfidTagService.cs(159,52): warning CS1998: This async method lacks 'await' operators and will run synchronously. Consider using the 'await' operator to await non-blocking API calls, or 'await Task.Run(...)' to do CPU-bound work on a background thread. [C:\Users\hollo\source\code_repos\InventroryTracker\InventroryTracker\InventoryTracker.Data\InventoryTracker.Data.csproj]

Build FAILED.

C:\Users\hollo\source\code_repos\InventroryTracker\InventroryTracker\InventoryTracker.Data\Repositories\RfidTagRepository.cs(48,30): warning CS8602: Dereference of a possibly null reference. [C:\Users\hollo\source\code_repos\InventroryTracker\InventroryTracker\InventoryTracker.Data\InventoryTracker.Data.csproj]
C:\Users\hollo\source\code_repos\InventroryTracker\InventroryTracker\InventoryTracker.Data\Services\RfidTagService.cs(159,52): warning CS1998: This async method lacks 'await' operators and will run synchronously. Consider using the 'await' operator to await non-blocking API calls, or 'await Task.Run(...)' to do CPU-bound work on a background thread. [C:\Users\hollo\source\code_repos\InventroryTracker\InventroryTracker\InventoryTracker.Data\InventoryTracker.Data.csproj]
C:\Users\hollo\source\code_repos\InventroryTracker\InventroryTracker\InventoryTracker.Data\Services\RfidTagService.cs(51,60): error CS1503: Argument 1: cannot convert from 'System.Guid?' to 'System.Guid' [C:\Users\hollo\source\code_repos\InventroryTracker\InventroryTracker\InventoryTracker.Data\InventoryTracker.Data.csproj]
    2 Warning(s)
    1 Error(s)

Time Elapsed 00:00:03.24

Workload updates are available. Run `dotnet workload list` for more information.
